

================================================================
== Vivado HLS Report for 'digitrec'
================================================================
* Date:           Tue Sep 27 22:54:13 2022

* Version:        2019.2.1 (Build 2724168 on Thu Dec 05 05:19:09 MST 2019)
* Project:        digitrec.prj
* Solution:       solution1
* Product family: zynq
* Target device:  xc7z020-clg484-1


================================================================
== Performance Estimates
================================================================
+ Timing: 
    * Summary: 
    +--------+----------+----------+------------+
    |  Clock |  Target  | Estimated| Uncertainty|
    +--------+----------+----------+------------+
    |ap_clk  | 10.00 ns | 7.918 ns |   1.25 ns  |
    +--------+----------+----------+------------+

+ Latency: 
    * Summary: 
    +---------+---------+-----------+-----------+------+------+---------+
    |  Latency (cycles) |   Latency (absolute)  |   Interval  | Pipeline|
    |   min   |   max   |    min    |    max    |  min |  max |   Type  |
    +---------+---------+-----------+-----------+------+------+---------+
    |     1936|     1936| 19.360 us | 19.360 us |  1936|  1936|   none  |
    +---------+---------+-----------+-----------+------+------+---------+

    + Detail: 
        * Instance: 
        N/A

        * Loop: 
        +----------------------+---------+---------+----------+-----------+-----------+------+----------+
        |                      |  Latency (cycles) | Iteration|  Initiation Interval  | Trip |          |
        |       Loop Name      |   min   |   max   |  Latency |  achieved |   target  | Count| Pipelined|
        +----------------------+---------+---------+----------+-----------+-----------+------+----------+
        |- Loop 1              |       80|       80|         8|          -|          -|    10|    no    |
        | + Loop 1.1           |        6|        6|         2|          -|          -|     3|    no    |
        |- L1800               |     1802|     1802|         4|          1|          1|  1800|    yes   |
        |- DIGIT_LOOP          |       50|       50|         5|          -|          -|    10|    no    |
        | + DISTANCE_SUM_LOOP  |        3|        3|         1|          -|          -|     3|    no    |
        +----------------------+---------+---------+----------+-----------+-----------+------+----------+



================================================================
== Utilization Estimates
================================================================
* Summary: 
+-----------------+---------+-------+--------+-------+-----+
|       Name      | BRAM_18K| DSP48E|   FF   |  LUT  | URAM|
+-----------------+---------+-------+--------+-------+-----+
|DSP              |        -|      -|       -|      -|    -|
|Expression       |        -|      -|       0|   4967|    -|
|FIFO             |        -|      -|       -|      -|    -|
|Instance         |        -|      -|       0|    137|    -|
|Memory           |       56|      -|       0|      0|    -|
|Multiplexer      |        -|      -|       -|    413|    -|
|Register         |        0|      -|     705|     32|    -|
+-----------------+---------+-------+--------+-------+-----+
|Total            |       56|      0|     705|   5549|    0|
+-----------------+---------+-------+--------+-------+-----+
|Available        |      280|    220|  106400|  53200|    0|
+-----------------+---------+-------+--------+-------+-----+
|Utilization (%)  |       20|      0|   ~0   |     10|    0|
+-----------------+---------+-------+--------+-------+-----+

+ Detail: 
    * Instance: 
    +----------------------+-------------------+---------+-------+---+-----+-----+
    |       Instance       |       Module      | BRAM_18K| DSP48E| FF| LUT | URAM|
    +----------------------+-------------------+---------+-------+---+-----+-----+
    |dut_mux_305_6_1_1_U1  |dut_mux_305_6_1_1  |        0|      0|  0|  137|    0|
    +----------------------+-------------------+---------+-------+---+-----+-----+
    |Total                 |                   |        0|      0|  0|  137|    0|
    +----------------------+-------------------+---------+-------+---+-----+-----+

    * DSP48E: 
    N/A

    * Memory: 
    +---------------------+----------------------+---------+---+----+-----+------+-----+------+-------------+
    |        Memory       |        Module        | BRAM_18K| FF| LUT| URAM| Words| Bits| Banks| W*Bits*Banks|
    +---------------------+----------------------+---------+---+----+-----+------+-----+------+-------------+
    |training_data_V_0_U  |digitrec_trainingbkb  |        6|  0|   0|    0|  1800|   46|     1|        82800|
    |training_data_V_1_U  |digitrec_trainingcud  |        6|  0|   0|    0|  1800|   46|     1|        82800|
    |training_data_V_2_U  |digitrec_trainingdEe  |        6|  0|   0|    0|  1800|   47|     1|        84600|
    |training_data_V_3_U  |digitrec_trainingeOg  |        6|  0|   0|    0|  1800|   47|     1|        84600|
    |training_data_V_4_U  |digitrec_trainingfYi  |        6|  0|   0|    0|  1800|   46|     1|        82800|
    |training_data_V_5_U  |digitrec_trainingg8j  |        5|  0|   0|    0|  1800|   45|     1|        81000|
    |training_data_V_6_U  |digitrec_traininghbi  |        6|  0|   0|    0|  1800|   48|     1|        86400|
    |training_data_V_7_U  |digitrec_trainingibs  |        5|  0|   0|    0|  1800|   42|     1|        75600|
    |training_data_V_8_U  |digitrec_trainingjbC  |        5|  0|   0|    0|  1800|   45|     1|        81000|
    |training_data_V_9_U  |digitrec_trainingkbM  |        5|  0|   0|    0|  1800|   41|     1|        73800|
    +---------------------+----------------------+---------+---+----+-----+------+-----+------+-------------+
    |Total                |                      |       56|  0|   0|    0| 18000|  453|    10|       815400|
    +---------------------+----------------------+---------+---+----+-----+------+-----+------+-------------+

    * FIFO: 
    N/A

    * Expression: 
    +-----------------------------+----------+-------+---+----+------------+------------+
    |        Variable Name        | Operation| DSP48E| FF| LUT| Bitwidth P0| Bitwidth P1|
    +-----------------------------+----------+-------+---+----+------------+------------+
    |add_ln700_100_fu_3534_p2     |     +    |      0|  0|  12|           3|           3|
    |add_ln700_101_fu_3540_p2     |     +    |      0|  0|   5|           2|           2|
    |add_ln700_102_fu_3546_p2     |     +    |      0|  0|   5|           2|           2|
    |add_ln700_103_fu_3556_p2     |     +    |      0|  0|   5|           2|           2|
    |add_ln700_104_fu_3562_p2     |     +    |      0|  0|   5|           2|           2|
    |add_ln700_105_fu_3572_p2     |     +    |      0|  0|  12|           3|           3|
    |add_ln700_106_fu_10231_p2    |     +    |      0|  0|  13|           4|           4|
    |add_ln700_107_fu_3578_p2     |     +    |      0|  0|   5|           2|           2|
    |add_ln700_108_fu_3584_p2     |     +    |      0|  0|   5|           2|           2|
    |add_ln700_109_fu_3594_p2     |     +    |      0|  0|   5|           2|           2|
    |add_ln700_10_fu_10007_p2     |     +    |      0|  0|  13|           4|           4|
    |add_ln700_110_fu_3600_p2     |     +    |      0|  0|   5|           2|           2|
    |add_ln700_111_fu_3610_p2     |     +    |      0|  0|  12|           3|           3|
    |add_ln700_112_fu_3616_p2     |     +    |      0|  0|   5|           2|           2|
    |add_ln700_113_fu_3622_p2     |     +    |      0|  0|   5|           2|           2|
    |add_ln700_114_fu_3632_p2     |     +    |      0|  0|   5|           2|           2|
    |add_ln700_115_fu_3638_p2     |     +    |      0|  0|   5|           2|           2|
    |add_ln700_116_fu_3648_p2     |     +    |      0|  0|  12|           3|           3|
    |add_ln700_117_fu_10247_p2    |     +    |      0|  0|  13|           4|           4|
    |add_ln700_118_fu_10257_p2    |     +    |      0|  0|  15|           5|           5|
    |add_ln700_119_fu_3654_p2     |     +    |      0|  0|   5|           2|           2|
    |add_ln700_11_fu_1804_p2      |     +    |      0|  0|   5|           2|           2|
    |add_ln700_120_fu_3660_p2     |     +    |      0|  0|   5|           2|           2|
    |add_ln700_121_fu_3670_p2     |     +    |      0|  0|   5|           2|           2|
    |add_ln700_122_fu_3676_p2     |     +    |      0|  0|   5|           2|           2|
    |add_ln700_123_fu_3686_p2     |     +    |      0|  0|  12|           3|           3|
    |add_ln700_124_fu_3692_p2     |     +    |      0|  0|   5|           2|           2|
    |add_ln700_125_fu_3698_p2     |     +    |      0|  0|   5|           2|           2|
    |add_ln700_126_fu_3708_p2     |     +    |      0|  0|   5|           2|           2|
    |add_ln700_127_fu_3714_p2     |     +    |      0|  0|   5|           2|           2|
    |add_ln700_128_fu_3724_p2     |     +    |      0|  0|  12|           3|           3|
    |add_ln700_129_fu_10273_p2    |     +    |      0|  0|  13|           4|           4|
    |add_ln700_12_fu_1810_p2      |     +    |      0|  0|   5|           2|           2|
    |add_ln700_130_fu_3730_p2     |     +    |      0|  0|   5|           2|           2|
    |add_ln700_131_fu_3736_p2     |     +    |      0|  0|   5|           2|           2|
    |add_ln700_132_fu_3746_p2     |     +    |      0|  0|   5|           2|           2|
    |add_ln700_133_fu_3752_p2     |     +    |      0|  0|   5|           2|           2|
    |add_ln700_134_fu_3762_p2     |     +    |      0|  0|  12|           3|           3|
    |add_ln700_135_fu_3768_p2     |     +    |      0|  0|   5|           2|           2|
    |add_ln700_136_fu_3774_p2     |     +    |      0|  0|   5|           2|           2|
    |add_ln700_137_fu_3780_p2     |     +    |      0|  0|  10|           2|           2|
    |add_ln700_138_fu_3786_p2     |     +    |      0|  0|  10|           2|           2|
    |add_ln700_139_fu_10295_p2    |     +    |      0|  0|   5|           3|           3|
    |add_ln700_13_fu_1820_p2      |     +    |      0|  0|   5|           2|           2|
    |add_ln700_140_fu_10301_p2    |     +    |      0|  0|   5|           3|           3|
    |add_ln700_141_fu_10311_p2    |     +    |      0|  0|  13|           4|           4|
    |add_ln700_142_fu_10321_p2    |     +    |      0|  0|  15|           5|           5|
    |add_ln700_144_fu_4389_p2     |     +    |      0|  0|   5|           2|           2|
    |add_ln700_145_fu_4395_p2     |     +    |      0|  0|   5|           2|           2|
    |add_ln700_146_fu_4405_p2     |     +    |      0|  0|   5|           2|           2|
    |add_ln700_147_fu_4411_p2     |     +    |      0|  0|   5|           2|           2|
    |add_ln700_148_fu_4421_p2     |     +    |      0|  0|  12|           3|           3|
    |add_ln700_149_fu_4427_p2     |     +    |      0|  0|   5|           2|           2|
    |add_ln700_14_fu_1826_p2      |     +    |      0|  0|   5|           2|           2|
    |add_ln700_150_fu_4433_p2     |     +    |      0|  0|   5|           2|           2|
    |add_ln700_151_fu_4443_p2     |     +    |      0|  0|   5|           2|           2|
    |add_ln700_152_fu_4449_p2     |     +    |      0|  0|   5|           2|           2|
    |add_ln700_153_fu_4459_p2     |     +    |      0|  0|  12|           3|           3|
    |add_ln700_154_fu_10343_p2    |     +    |      0|  0|  13|           4|           4|
    |add_ln700_155_fu_4465_p2     |     +    |      0|  0|   5|           2|           2|
    |add_ln700_156_fu_4471_p2     |     +    |      0|  0|   5|           2|           2|
    |add_ln700_157_fu_4481_p2     |     +    |      0|  0|   5|           2|           2|
    |add_ln700_158_fu_4487_p2     |     +    |      0|  0|   5|           2|           2|
    |add_ln700_159_fu_4497_p2     |     +    |      0|  0|  12|           3|           3|
    |add_ln700_15_fu_1836_p2      |     +    |      0|  0|  12|           3|           3|
    |add_ln700_160_fu_4503_p2     |     +    |      0|  0|   5|           2|           2|
    |add_ln700_161_fu_4509_p2     |     +    |      0|  0|   5|           2|           2|
    |add_ln700_162_fu_4519_p2     |     +    |      0|  0|   5|           2|           2|
    |add_ln700_163_fu_4525_p2     |     +    |      0|  0|   5|           2|           2|
    |add_ln700_164_fu_4535_p2     |     +    |      0|  0|  12|           3|           3|
    |add_ln700_165_fu_10359_p2    |     +    |      0|  0|  13|           4|           4|
    |add_ln700_166_fu_10369_p2    |     +    |      0|  0|  15|           5|           5|
    |add_ln700_167_fu_4541_p2     |     +    |      0|  0|   5|           2|           2|
    |add_ln700_168_fu_4547_p2     |     +    |      0|  0|   5|           2|           2|
    |add_ln700_169_fu_4557_p2     |     +    |      0|  0|   5|           2|           2|
    |add_ln700_16_fu_1842_p2      |     +    |      0|  0|   5|           2|           2|
    |add_ln700_170_fu_4563_p2     |     +    |      0|  0|   5|           2|           2|
    |add_ln700_171_fu_4573_p2     |     +    |      0|  0|  12|           3|           3|
    |add_ln700_172_fu_4579_p2     |     +    |      0|  0|   5|           2|           2|
    |add_ln700_173_fu_4585_p2     |     +    |      0|  0|   5|           2|           2|
    |add_ln700_174_fu_4595_p2     |     +    |      0|  0|   5|           2|           2|
    |add_ln700_175_fu_4601_p2     |     +    |      0|  0|   5|           2|           2|
    |add_ln700_176_fu_4611_p2     |     +    |      0|  0|  12|           3|           3|
    |add_ln700_177_fu_10385_p2    |     +    |      0|  0|  13|           4|           4|
    |add_ln700_178_fu_4617_p2     |     +    |      0|  0|   5|           2|           2|
    |add_ln700_179_fu_4623_p2     |     +    |      0|  0|   5|           2|           2|
    |add_ln700_17_fu_1848_p2      |     +    |      0|  0|   5|           2|           2|
    |add_ln700_180_fu_4633_p2     |     +    |      0|  0|   5|           2|           2|
    |add_ln700_181_fu_4639_p2     |     +    |      0|  0|   5|           2|           2|
    |add_ln700_182_fu_4649_p2     |     +    |      0|  0|  12|           3|           3|
    |add_ln700_183_fu_4655_p2     |     +    |      0|  0|   5|           2|           2|
    |add_ln700_184_fu_4661_p2     |     +    |      0|  0|   5|           2|           2|
    |add_ln700_185_fu_4667_p2     |     +    |      0|  0|  10|           2|           2|
    |add_ln700_186_fu_4673_p2     |     +    |      0|  0|  10|           2|           2|
    |add_ln700_187_fu_10407_p2    |     +    |      0|  0|   5|           3|           3|
    |add_ln700_188_fu_10413_p2    |     +    |      0|  0|   5|           3|           3|
    |add_ln700_189_fu_10423_p2    |     +    |      0|  0|  13|           4|           4|
    |add_ln700_18_fu_1858_p2      |     +    |      0|  0|   5|           2|           2|
    |add_ln700_190_fu_10433_p2    |     +    |      0|  0|  15|           5|           5|
    |add_ln700_192_fu_5276_p2     |     +    |      0|  0|   5|           2|           2|
    |add_ln700_193_fu_5282_p2     |     +    |      0|  0|   5|           2|           2|
    |add_ln700_194_fu_5292_p2     |     +    |      0|  0|   5|           2|           2|
    |add_ln700_195_fu_5298_p2     |     +    |      0|  0|   5|           2|           2|
    |add_ln700_196_fu_5308_p2     |     +    |      0|  0|  12|           3|           3|
    |add_ln700_197_fu_5314_p2     |     +    |      0|  0|   5|           2|           2|
    |add_ln700_198_fu_5320_p2     |     +    |      0|  0|   5|           2|           2|
    |add_ln700_199_fu_5330_p2     |     +    |      0|  0|   5|           2|           2|
    |add_ln700_19_fu_1864_p2      |     +    |      0|  0|   5|           2|           2|
    |add_ln700_1_fu_1734_p2       |     +    |      0|  0|   5|           2|           2|
    |add_ln700_200_fu_5336_p2     |     +    |      0|  0|   5|           2|           2|
    |add_ln700_201_fu_5346_p2     |     +    |      0|  0|  12|           3|           3|
    |add_ln700_202_fu_10455_p2    |     +    |      0|  0|  13|           4|           4|
    |add_ln700_203_fu_5352_p2     |     +    |      0|  0|   5|           2|           2|
    |add_ln700_204_fu_5358_p2     |     +    |      0|  0|   5|           2|           2|
    |add_ln700_205_fu_5368_p2     |     +    |      0|  0|   5|           2|           2|
    |add_ln700_206_fu_5374_p2     |     +    |      0|  0|   5|           2|           2|
    |add_ln700_207_fu_5384_p2     |     +    |      0|  0|  12|           3|           3|
    |add_ln700_208_fu_5390_p2     |     +    |      0|  0|   5|           2|           2|
    |add_ln700_209_fu_5396_p2     |     +    |      0|  0|   5|           2|           2|
    |add_ln700_20_fu_1874_p2      |     +    |      0|  0|  12|           3|           3|
    |add_ln700_210_fu_5406_p2     |     +    |      0|  0|   5|           2|           2|
    |add_ln700_211_fu_5412_p2     |     +    |      0|  0|   5|           2|           2|
    |add_ln700_212_fu_5422_p2     |     +    |      0|  0|  12|           3|           3|
    |add_ln700_213_fu_10471_p2    |     +    |      0|  0|  13|           4|           4|
    |add_ln700_214_fu_10481_p2    |     +    |      0|  0|  15|           5|           5|
    |add_ln700_215_fu_5428_p2     |     +    |      0|  0|   5|           2|           2|
    |add_ln700_216_fu_5434_p2     |     +    |      0|  0|   5|           2|           2|
    |add_ln700_217_fu_5444_p2     |     +    |      0|  0|   5|           2|           2|
    |add_ln700_218_fu_5450_p2     |     +    |      0|  0|   5|           2|           2|
    |add_ln700_219_fu_5460_p2     |     +    |      0|  0|  12|           3|           3|
    |add_ln700_21_fu_10023_p2     |     +    |      0|  0|  13|           4|           4|
    |add_ln700_220_fu_5466_p2     |     +    |      0|  0|   5|           2|           2|
    |add_ln700_221_fu_5472_p2     |     +    |      0|  0|   5|           2|           2|
    |add_ln700_222_fu_5482_p2     |     +    |      0|  0|   5|           2|           2|
    |add_ln700_223_fu_5488_p2     |     +    |      0|  0|   5|           2|           2|
    |add_ln700_224_fu_5498_p2     |     +    |      0|  0|  12|           3|           3|
    |add_ln700_225_fu_10497_p2    |     +    |      0|  0|  13|           4|           4|
    |add_ln700_226_fu_5504_p2     |     +    |      0|  0|   5|           2|           2|
    |add_ln700_227_fu_5510_p2     |     +    |      0|  0|   5|           2|           2|
    |add_ln700_228_fu_5520_p2     |     +    |      0|  0|   5|           2|           2|
    |add_ln700_229_fu_5526_p2     |     +    |      0|  0|   5|           2|           2|
    |add_ln700_22_fu_10033_p2     |     +    |      0|  0|  15|           5|           5|
    |add_ln700_230_fu_5536_p2     |     +    |      0|  0|  12|           3|           3|
    |add_ln700_231_fu_5542_p2     |     +    |      0|  0|   5|           2|           2|
    |add_ln700_232_fu_5548_p2     |     +    |      0|  0|   5|           2|           2|
    |add_ln700_233_fu_5554_p2     |     +    |      0|  0|  10|           2|           2|
    |add_ln700_234_fu_5560_p2     |     +    |      0|  0|  10|           2|           2|
    |add_ln700_235_fu_10519_p2    |     +    |      0|  0|   5|           3|           3|
    |add_ln700_236_fu_10525_p2    |     +    |      0|  0|   5|           3|           3|
    |add_ln700_237_fu_10535_p2    |     +    |      0|  0|  13|           4|           4|
    |add_ln700_238_fu_10545_p2    |     +    |      0|  0|  15|           5|           5|
    |add_ln700_23_fu_1880_p2      |     +    |      0|  0|   5|           2|           2|
    |add_ln700_240_fu_6163_p2     |     +    |      0|  0|   5|           2|           2|
    |add_ln700_241_fu_6169_p2     |     +    |      0|  0|   5|           2|           2|
    |add_ln700_242_fu_6179_p2     |     +    |      0|  0|   5|           2|           2|
    |add_ln700_243_fu_6185_p2     |     +    |      0|  0|   5|           2|           2|
    |add_ln700_244_fu_6195_p2     |     +    |      0|  0|  12|           3|           3|
    |add_ln700_245_fu_6201_p2     |     +    |      0|  0|   5|           2|           2|
    |add_ln700_246_fu_6207_p2     |     +    |      0|  0|   5|           2|           2|
    |add_ln700_247_fu_6217_p2     |     +    |      0|  0|   5|           2|           2|
    |add_ln700_248_fu_6223_p2     |     +    |      0|  0|   5|           2|           2|
    |add_ln700_249_fu_6233_p2     |     +    |      0|  0|  12|           3|           3|
    |add_ln700_24_fu_1886_p2      |     +    |      0|  0|   5|           2|           2|
    |add_ln700_250_fu_10567_p2    |     +    |      0|  0|  13|           4|           4|
    |add_ln700_251_fu_6239_p2     |     +    |      0|  0|   5|           2|           2|
    |add_ln700_252_fu_6245_p2     |     +    |      0|  0|   5|           2|           2|
    |add_ln700_253_fu_6255_p2     |     +    |      0|  0|   5|           2|           2|
    |add_ln700_254_fu_6261_p2     |     +    |      0|  0|   5|           2|           2|
    |add_ln700_255_fu_6271_p2     |     +    |      0|  0|  12|           3|           3|
    |add_ln700_256_fu_6277_p2     |     +    |      0|  0|   5|           2|           2|
    |add_ln700_257_fu_6283_p2     |     +    |      0|  0|   5|           2|           2|
    |add_ln700_258_fu_6293_p2     |     +    |      0|  0|   5|           2|           2|
    |add_ln700_259_fu_6299_p2     |     +    |      0|  0|   5|           2|           2|
    |add_ln700_25_fu_1896_p2      |     +    |      0|  0|   5|           2|           2|
    |add_ln700_260_fu_6309_p2     |     +    |      0|  0|  12|           3|           3|
    |add_ln700_261_fu_10583_p2    |     +    |      0|  0|  13|           4|           4|
    |add_ln700_262_fu_10593_p2    |     +    |      0|  0|  15|           5|           5|
    |add_ln700_263_fu_6315_p2     |     +    |      0|  0|   5|           2|           2|
    |add_ln700_264_fu_6321_p2     |     +    |      0|  0|   5|           2|           2|
    |add_ln700_265_fu_6331_p2     |     +    |      0|  0|   5|           2|           2|
    |add_ln700_266_fu_6337_p2     |     +    |      0|  0|   5|           2|           2|
    |add_ln700_267_fu_6347_p2     |     +    |      0|  0|  12|           3|           3|
    |add_ln700_268_fu_6353_p2     |     +    |      0|  0|   5|           2|           2|
    |add_ln700_269_fu_6359_p2     |     +    |      0|  0|   5|           2|           2|
    |add_ln700_26_fu_1902_p2      |     +    |      0|  0|   5|           2|           2|
    |add_ln700_270_fu_6369_p2     |     +    |      0|  0|   5|           2|           2|
    |add_ln700_271_fu_6375_p2     |     +    |      0|  0|   5|           2|           2|
    |add_ln700_272_fu_6385_p2     |     +    |      0|  0|  12|           3|           3|
    |add_ln700_273_fu_10609_p2    |     +    |      0|  0|  13|           4|           4|
    |add_ln700_274_fu_6391_p2     |     +    |      0|  0|   5|           2|           2|
    |add_ln700_275_fu_6397_p2     |     +    |      0|  0|   5|           2|           2|
    |add_ln700_276_fu_6407_p2     |     +    |      0|  0|   5|           2|           2|
    |add_ln700_277_fu_6413_p2     |     +    |      0|  0|   5|           2|           2|
    |add_ln700_278_fu_6423_p2     |     +    |      0|  0|  12|           3|           3|
    |add_ln700_279_fu_6429_p2     |     +    |      0|  0|   5|           2|           2|
    |add_ln700_27_fu_1912_p2      |     +    |      0|  0|  12|           3|           3|
    |add_ln700_280_fu_6435_p2     |     +    |      0|  0|   5|           2|           2|
    |add_ln700_281_fu_6441_p2     |     +    |      0|  0|  10|           2|           2|
    |add_ln700_282_fu_6447_p2     |     +    |      0|  0|  10|           2|           2|
    |add_ln700_283_fu_10631_p2    |     +    |      0|  0|   5|           3|           3|
    |add_ln700_284_fu_10637_p2    |     +    |      0|  0|   5|           3|           3|
    |add_ln700_285_fu_10647_p2    |     +    |      0|  0|  13|           4|           4|
    |add_ln700_286_fu_10657_p2    |     +    |      0|  0|  15|           5|           5|
    |add_ln700_288_fu_7050_p2     |     +    |      0|  0|   5|           2|           2|
    |add_ln700_289_fu_7056_p2     |     +    |      0|  0|   5|           2|           2|
    |add_ln700_28_fu_1918_p2      |     +    |      0|  0|   5|           2|           2|
    |add_ln700_290_fu_7066_p2     |     +    |      0|  0|   5|           2|           2|
    |add_ln700_291_fu_7072_p2     |     +    |      0|  0|   5|           2|           2|
    |add_ln700_292_fu_7082_p2     |     +    |      0|  0|  12|           3|           3|
    |add_ln700_293_fu_7088_p2     |     +    |      0|  0|   5|           2|           2|
    |add_ln700_294_fu_7094_p2     |     +    |      0|  0|   5|           2|           2|
    |add_ln700_295_fu_7104_p2     |     +    |      0|  0|   5|           2|           2|
    |add_ln700_296_fu_7110_p2     |     +    |      0|  0|   5|           2|           2|
    |add_ln700_297_fu_7120_p2     |     +    |      0|  0|  12|           3|           3|
    |add_ln700_298_fu_10679_p2    |     +    |      0|  0|  13|           4|           4|
    |add_ln700_299_fu_7126_p2     |     +    |      0|  0|   5|           2|           2|
    |add_ln700_29_fu_1924_p2      |     +    |      0|  0|   5|           2|           2|
    |add_ln700_2_fu_1744_p2       |     +    |      0|  0|   5|           2|           2|
    |add_ln700_300_fu_7132_p2     |     +    |      0|  0|   5|           2|           2|
    |add_ln700_301_fu_7142_p2     |     +    |      0|  0|   5|           2|           2|
    |add_ln700_302_fu_7148_p2     |     +    |      0|  0|   5|           2|           2|
    |add_ln700_303_fu_7158_p2     |     +    |      0|  0|  12|           3|           3|
    |add_ln700_304_fu_7164_p2     |     +    |      0|  0|   5|           2|           2|
    |add_ln700_305_fu_7170_p2     |     +    |      0|  0|   5|           2|           2|
    |add_ln700_306_fu_7180_p2     |     +    |      0|  0|   5|           2|           2|
    |add_ln700_307_fu_7186_p2     |     +    |      0|  0|   5|           2|           2|
    |add_ln700_308_fu_7196_p2     |     +    |      0|  0|  12|           3|           3|
    |add_ln700_309_fu_10695_p2    |     +    |      0|  0|  13|           4|           4|
    |add_ln700_30_fu_1934_p2      |     +    |      0|  0|   5|           2|           2|
    |add_ln700_310_fu_10705_p2    |     +    |      0|  0|  15|           5|           5|
    |add_ln700_311_fu_7202_p2     |     +    |      0|  0|   5|           2|           2|
    |add_ln700_312_fu_7208_p2     |     +    |      0|  0|   5|           2|           2|
    |add_ln700_313_fu_7218_p2     |     +    |      0|  0|   5|           2|           2|
    |add_ln700_314_fu_7224_p2     |     +    |      0|  0|   5|           2|           2|
    |add_ln700_315_fu_7234_p2     |     +    |      0|  0|  12|           3|           3|
    |add_ln700_316_fu_7240_p2     |     +    |      0|  0|   5|           2|           2|
    |add_ln700_317_fu_7246_p2     |     +    |      0|  0|   5|           2|           2|
    |add_ln700_318_fu_7256_p2     |     +    |      0|  0|   5|           2|           2|
    |add_ln700_319_fu_7262_p2     |     +    |      0|  0|   5|           2|           2|
    |add_ln700_31_fu_1940_p2      |     +    |      0|  0|   5|           2|           2|
    |add_ln700_320_fu_7272_p2     |     +    |      0|  0|  12|           3|           3|
    |add_ln700_321_fu_10721_p2    |     +    |      0|  0|  13|           4|           4|
    |add_ln700_322_fu_7278_p2     |     +    |      0|  0|   5|           2|           2|
    |add_ln700_323_fu_7284_p2     |     +    |      0|  0|   5|           2|           2|
    |add_ln700_324_fu_7294_p2     |     +    |      0|  0|   5|           2|           2|
    |add_ln700_325_fu_7300_p2     |     +    |      0|  0|   5|           2|           2|
    |add_ln700_326_fu_7310_p2     |     +    |      0|  0|  12|           3|           3|
    |add_ln700_327_fu_7316_p2     |     +    |      0|  0|   5|           2|           2|
    |add_ln700_328_fu_7322_p2     |     +    |      0|  0|   5|           2|           2|
    |add_ln700_329_fu_7328_p2     |     +    |      0|  0|  10|           2|           2|
    |add_ln700_32_fu_1950_p2      |     +    |      0|  0|  12|           3|           3|
    |add_ln700_330_fu_7334_p2     |     +    |      0|  0|  10|           2|           2|
    |add_ln700_331_fu_10743_p2    |     +    |      0|  0|   5|           3|           3|
    |add_ln700_332_fu_10749_p2    |     +    |      0|  0|   5|           3|           3|
    |add_ln700_333_fu_10759_p2    |     +    |      0|  0|  13|           4|           4|
    |add_ln700_334_fu_10769_p2    |     +    |      0|  0|  15|           5|           5|
    |add_ln700_336_fu_7937_p2     |     +    |      0|  0|   5|           2|           2|
    |add_ln700_337_fu_7943_p2     |     +    |      0|  0|   5|           2|           2|
    |add_ln700_338_fu_7953_p2     |     +    |      0|  0|   5|           2|           2|
    |add_ln700_339_fu_7959_p2     |     +    |      0|  0|   5|           2|           2|
    |add_ln700_33_fu_10049_p2     |     +    |      0|  0|  13|           4|           4|
    |add_ln700_340_fu_7969_p2     |     +    |      0|  0|  12|           3|           3|
    |add_ln700_341_fu_7975_p2     |     +    |      0|  0|   5|           2|           2|
    |add_ln700_342_fu_7981_p2     |     +    |      0|  0|   5|           2|           2|
    |add_ln700_343_fu_7991_p2     |     +    |      0|  0|   5|           2|           2|
    |add_ln700_344_fu_7997_p2     |     +    |      0|  0|   5|           2|           2|
    |add_ln700_345_fu_8007_p2     |     +    |      0|  0|  12|           3|           3|
    |add_ln700_346_fu_10791_p2    |     +    |      0|  0|  13|           4|           4|
    |add_ln700_347_fu_8013_p2     |     +    |      0|  0|   5|           2|           2|
    |add_ln700_348_fu_8019_p2     |     +    |      0|  0|   5|           2|           2|
    |add_ln700_349_fu_8029_p2     |     +    |      0|  0|   5|           2|           2|
    |add_ln700_34_fu_1956_p2      |     +    |      0|  0|   5|           2|           2|
    |add_ln700_350_fu_8035_p2     |     +    |      0|  0|   5|           2|           2|
    |add_ln700_351_fu_8045_p2     |     +    |      0|  0|  12|           3|           3|
    |add_ln700_352_fu_8051_p2     |     +    |      0|  0|   5|           2|           2|
    |add_ln700_353_fu_8057_p2     |     +    |      0|  0|   5|           2|           2|
    |add_ln700_354_fu_8067_p2     |     +    |      0|  0|   5|           2|           2|
    |add_ln700_355_fu_8073_p2     |     +    |      0|  0|   5|           2|           2|
    |add_ln700_356_fu_8083_p2     |     +    |      0|  0|  12|           3|           3|
    |add_ln700_357_fu_10807_p2    |     +    |      0|  0|  13|           4|           4|
    |add_ln700_358_fu_10817_p2    |     +    |      0|  0|  15|           5|           5|
    |add_ln700_359_fu_8089_p2     |     +    |      0|  0|   5|           2|           2|
    |add_ln700_35_fu_1962_p2      |     +    |      0|  0|   5|           2|           2|
    |add_ln700_360_fu_8095_p2     |     +    |      0|  0|   5|           2|           2|
    |add_ln700_361_fu_8105_p2     |     +    |      0|  0|   5|           2|           2|
    |add_ln700_362_fu_8111_p2     |     +    |      0|  0|   5|           2|           2|
    |add_ln700_363_fu_8121_p2     |     +    |      0|  0|  12|           3|           3|
    |add_ln700_364_fu_8127_p2     |     +    |      0|  0|   5|           2|           2|
    |add_ln700_365_fu_8133_p2     |     +    |      0|  0|   5|           2|           2|
    |add_ln700_366_fu_8143_p2     |     +    |      0|  0|   5|           2|           2|
    |add_ln700_367_fu_8149_p2     |     +    |      0|  0|   5|           2|           2|
    |add_ln700_368_fu_8159_p2     |     +    |      0|  0|  12|           3|           3|
    |add_ln700_369_fu_10833_p2    |     +    |      0|  0|  13|           4|           4|
    |add_ln700_36_fu_1972_p2      |     +    |      0|  0|   5|           2|           2|
    |add_ln700_370_fu_8165_p2     |     +    |      0|  0|   5|           2|           2|
    |add_ln700_371_fu_8171_p2     |     +    |      0|  0|   5|           2|           2|
    |add_ln700_372_fu_8181_p2     |     +    |      0|  0|   5|           2|           2|
    |add_ln700_373_fu_8187_p2     |     +    |      0|  0|   5|           2|           2|
    |add_ln700_374_fu_8197_p2     |     +    |      0|  0|  12|           3|           3|
    |add_ln700_375_fu_8203_p2     |     +    |      0|  0|   5|           2|           2|
    |add_ln700_376_fu_8209_p2     |     +    |      0|  0|   5|           2|           2|
    |add_ln700_377_fu_8215_p2     |     +    |      0|  0|  10|           2|           2|
    |add_ln700_378_fu_8221_p2     |     +    |      0|  0|  10|           2|           2|
    |add_ln700_379_fu_10855_p2    |     +    |      0|  0|   5|           3|           3|
    |add_ln700_37_fu_1978_p2      |     +    |      0|  0|   5|           2|           2|
    |add_ln700_380_fu_10861_p2    |     +    |      0|  0|   5|           3|           3|
    |add_ln700_381_fu_10871_p2    |     +    |      0|  0|  13|           4|           4|
    |add_ln700_382_fu_10881_p2    |     +    |      0|  0|  15|           5|           5|
    |add_ln700_384_fu_8824_p2     |     +    |      0|  0|   5|           2|           2|
    |add_ln700_385_fu_8830_p2     |     +    |      0|  0|   5|           2|           2|
    |add_ln700_386_fu_8840_p2     |     +    |      0|  0|   5|           2|           2|
    |add_ln700_387_fu_8846_p2     |     +    |      0|  0|   5|           2|           2|
    |add_ln700_388_fu_8856_p2     |     +    |      0|  0|  12|           3|           3|
    |add_ln700_389_fu_8862_p2     |     +    |      0|  0|   5|           2|           2|
    |add_ln700_38_fu_1988_p2      |     +    |      0|  0|  12|           3|           3|
    |add_ln700_390_fu_8868_p2     |     +    |      0|  0|   5|           2|           2|
    |add_ln700_391_fu_8878_p2     |     +    |      0|  0|   5|           2|           2|
    |add_ln700_392_fu_8884_p2     |     +    |      0|  0|   5|           2|           2|
    |add_ln700_393_fu_8894_p2     |     +    |      0|  0|  12|           3|           3|
    |add_ln700_394_fu_10903_p2    |     +    |      0|  0|  13|           4|           4|
    |add_ln700_395_fu_8900_p2     |     +    |      0|  0|   5|           2|           2|
    |add_ln700_396_fu_8906_p2     |     +    |      0|  0|   5|           2|           2|
    |add_ln700_397_fu_8916_p2     |     +    |      0|  0|   5|           2|           2|
    |add_ln700_398_fu_8922_p2     |     +    |      0|  0|   5|           2|           2|
    |add_ln700_399_fu_8932_p2     |     +    |      0|  0|  12|           3|           3|
    |add_ln700_39_fu_1994_p2      |     +    |      0|  0|   5|           2|           2|
    |add_ln700_3_fu_1750_p2       |     +    |      0|  0|   5|           2|           2|
    |add_ln700_400_fu_8938_p2     |     +    |      0|  0|   5|           2|           2|
    |add_ln700_401_fu_8944_p2     |     +    |      0|  0|   5|           2|           2|
    |add_ln700_402_fu_8954_p2     |     +    |      0|  0|   5|           2|           2|
    |add_ln700_403_fu_8960_p2     |     +    |      0|  0|   5|           2|           2|
    |add_ln700_404_fu_8970_p2     |     +    |      0|  0|  12|           3|           3|
    |add_ln700_405_fu_10919_p2    |     +    |      0|  0|  13|           4|           4|
    |add_ln700_406_fu_10929_p2    |     +    |      0|  0|  15|           5|           5|
    |add_ln700_407_fu_8976_p2     |     +    |      0|  0|   5|           2|           2|
    |add_ln700_408_fu_8982_p2     |     +    |      0|  0|   5|           2|           2|
    |add_ln700_409_fu_8992_p2     |     +    |      0|  0|   5|           2|           2|
    |add_ln700_40_fu_2000_p2      |     +    |      0|  0|   5|           2|           2|
    |add_ln700_410_fu_8998_p2     |     +    |      0|  0|   5|           2|           2|
    |add_ln700_411_fu_9008_p2     |     +    |      0|  0|  12|           3|           3|
    |add_ln700_412_fu_9014_p2     |     +    |      0|  0|   5|           2|           2|
    |add_ln700_413_fu_9020_p2     |     +    |      0|  0|   5|           2|           2|
    |add_ln700_414_fu_9030_p2     |     +    |      0|  0|   5|           2|           2|
    |add_ln700_415_fu_9036_p2     |     +    |      0|  0|   5|           2|           2|
    |add_ln700_416_fu_9046_p2     |     +    |      0|  0|  12|           3|           3|
    |add_ln700_417_fu_10945_p2    |     +    |      0|  0|  13|           4|           4|
    |add_ln700_418_fu_9052_p2     |     +    |      0|  0|   5|           2|           2|
    |add_ln700_419_fu_9058_p2     |     +    |      0|  0|   5|           2|           2|
    |add_ln700_41_fu_2006_p2      |     +    |      0|  0|  10|           2|           2|
    |add_ln700_420_fu_9068_p2     |     +    |      0|  0|   5|           2|           2|
    |add_ln700_421_fu_9074_p2     |     +    |      0|  0|   5|           2|           2|
    |add_ln700_422_fu_9084_p2     |     +    |      0|  0|  12|           3|           3|
    |add_ln700_423_fu_9090_p2     |     +    |      0|  0|   5|           2|           2|
    |add_ln700_424_fu_9096_p2     |     +    |      0|  0|   5|           2|           2|
    |add_ln700_425_fu_9102_p2     |     +    |      0|  0|  10|           2|           2|
    |add_ln700_426_fu_9108_p2     |     +    |      0|  0|  10|           2|           2|
    |add_ln700_427_fu_10967_p2    |     +    |      0|  0|   5|           3|           3|
    |add_ln700_428_fu_10973_p2    |     +    |      0|  0|   5|           3|           3|
    |add_ln700_429_fu_10983_p2    |     +    |      0|  0|  13|           4|           4|
    |add_ln700_42_fu_2012_p2      |     +    |      0|  0|  10|           2|           2|
    |add_ln700_430_fu_10993_p2    |     +    |      0|  0|  15|           5|           5|
    |add_ln700_432_fu_9711_p2     |     +    |      0|  0|   5|           2|           2|
    |add_ln700_433_fu_9717_p2     |     +    |      0|  0|   5|           2|           2|
    |add_ln700_434_fu_9727_p2     |     +    |      0|  0|   5|           2|           2|
    |add_ln700_435_fu_9733_p2     |     +    |      0|  0|   5|           2|           2|
    |add_ln700_436_fu_9743_p2     |     +    |      0|  0|  12|           3|           3|
    |add_ln700_437_fu_9749_p2     |     +    |      0|  0|   5|           2|           2|
    |add_ln700_438_fu_9755_p2     |     +    |      0|  0|   5|           2|           2|
    |add_ln700_439_fu_9765_p2     |     +    |      0|  0|   5|           2|           2|
    |add_ln700_43_fu_10071_p2     |     +    |      0|  0|   5|           3|           3|
    |add_ln700_440_fu_9771_p2     |     +    |      0|  0|   5|           2|           2|
    |add_ln700_441_fu_9781_p2     |     +    |      0|  0|  12|           3|           3|
    |add_ln700_442_fu_11015_p2    |     +    |      0|  0|  13|           4|           4|
    |add_ln700_443_fu_9787_p2     |     +    |      0|  0|   5|           2|           2|
    |add_ln700_444_fu_9793_p2     |     +    |      0|  0|   5|           2|           2|
    |add_ln700_445_fu_9803_p2     |     +    |      0|  0|   5|           2|           2|
    |add_ln700_446_fu_9809_p2     |     +    |      0|  0|   5|           2|           2|
    |add_ln700_447_fu_9819_p2     |     +    |      0|  0|  12|           3|           3|
    |add_ln700_448_fu_9825_p2     |     +    |      0|  0|   5|           2|           2|
    |add_ln700_449_fu_9831_p2     |     +    |      0|  0|   5|           2|           2|
    |add_ln700_44_fu_10077_p2     |     +    |      0|  0|   5|           3|           3|
    |add_ln700_450_fu_9841_p2     |     +    |      0|  0|   5|           2|           2|
    |add_ln700_451_fu_9847_p2     |     +    |      0|  0|   5|           2|           2|
    |add_ln700_452_fu_9857_p2     |     +    |      0|  0|  12|           3|           3|
    |add_ln700_453_fu_11031_p2    |     +    |      0|  0|  13|           4|           4|
    |add_ln700_454_fu_11041_p2    |     +    |      0|  0|  15|           5|           5|
    |add_ln700_455_fu_9863_p2     |     +    |      0|  0|   5|           2|           2|
    |add_ln700_456_fu_9869_p2     |     +    |      0|  0|   5|           2|           2|
    |add_ln700_457_fu_9879_p2     |     +    |      0|  0|   5|           2|           2|
    |add_ln700_458_fu_9885_p2     |     +    |      0|  0|   5|           2|           2|
    |add_ln700_459_fu_9895_p2     |     +    |      0|  0|  12|           3|           3|
    |add_ln700_45_fu_10087_p2     |     +    |      0|  0|  13|           4|           4|
    |add_ln700_460_fu_9901_p2     |     +    |      0|  0|   5|           2|           2|
    |add_ln700_461_fu_9907_p2     |     +    |      0|  0|   5|           2|           2|
    |add_ln700_462_fu_9917_p2     |     +    |      0|  0|   5|           2|           2|
    |add_ln700_463_fu_9923_p2     |     +    |      0|  0|   5|           2|           2|
    |add_ln700_464_fu_9933_p2     |     +    |      0|  0|  12|           3|           3|
    |add_ln700_465_fu_11057_p2    |     +    |      0|  0|  13|           4|           4|
    |add_ln700_466_fu_9939_p2     |     +    |      0|  0|   5|           2|           2|
    |add_ln700_467_fu_9945_p2     |     +    |      0|  0|   5|           2|           2|
    |add_ln700_468_fu_9955_p2     |     +    |      0|  0|   5|           2|           2|
    |add_ln700_469_fu_9961_p2     |     +    |      0|  0|   5|           2|           2|
    |add_ln700_46_fu_10097_p2     |     +    |      0|  0|  15|           5|           5|
    |add_ln700_470_fu_9971_p2     |     +    |      0|  0|  12|           3|           3|
    |add_ln700_471_fu_9977_p2     |     +    |      0|  0|   5|           2|           2|
    |add_ln700_472_fu_9983_p2     |     +    |      0|  0|   5|           2|           2|
    |add_ln700_473_fu_9989_p2     |     +    |      0|  0|  10|           2|           2|
    |add_ln700_474_fu_9995_p2     |     +    |      0|  0|  10|           2|           2|
    |add_ln700_475_fu_11079_p2    |     +    |      0|  0|   5|           3|           3|
    |add_ln700_476_fu_11085_p2    |     +    |      0|  0|   5|           3|           3|
    |add_ln700_477_fu_11095_p2    |     +    |      0|  0|  13|           4|           4|
    |add_ln700_478_fu_11105_p2    |     +    |      0|  0|  15|           5|           5|
    |add_ln700_48_fu_2615_p2      |     +    |      0|  0|   5|           2|           2|
    |add_ln700_49_fu_2621_p2      |     +    |      0|  0|   5|           2|           2|
    |add_ln700_4_fu_1760_p2       |     +    |      0|  0|  12|           3|           3|
    |add_ln700_50_fu_2631_p2      |     +    |      0|  0|   5|           2|           2|
    |add_ln700_51_fu_2637_p2      |     +    |      0|  0|   5|           2|           2|
    |add_ln700_52_fu_2647_p2      |     +    |      0|  0|  12|           3|           3|
    |add_ln700_53_fu_2653_p2      |     +    |      0|  0|   5|           2|           2|
    |add_ln700_54_fu_2659_p2      |     +    |      0|  0|   5|           2|           2|
    |add_ln700_55_fu_2669_p2      |     +    |      0|  0|   5|           2|           2|
    |add_ln700_56_fu_2675_p2      |     +    |      0|  0|   5|           2|           2|
    |add_ln700_57_fu_2685_p2      |     +    |      0|  0|  12|           3|           3|
    |add_ln700_58_fu_10119_p2     |     +    |      0|  0|  13|           4|           4|
    |add_ln700_59_fu_2691_p2      |     +    |      0|  0|   5|           2|           2|
    |add_ln700_5_fu_1766_p2       |     +    |      0|  0|   5|           2|           2|
    |add_ln700_60_fu_2697_p2      |     +    |      0|  0|   5|           2|           2|
    |add_ln700_61_fu_2707_p2      |     +    |      0|  0|   5|           2|           2|
    |add_ln700_62_fu_2713_p2      |     +    |      0|  0|   5|           2|           2|
    |add_ln700_63_fu_2723_p2      |     +    |      0|  0|  12|           3|           3|
    |add_ln700_64_fu_2729_p2      |     +    |      0|  0|   5|           2|           2|
    |add_ln700_65_fu_2735_p2      |     +    |      0|  0|   5|           2|           2|
    |add_ln700_66_fu_2745_p2      |     +    |      0|  0|   5|           2|           2|
    |add_ln700_67_fu_2751_p2      |     +    |      0|  0|   5|           2|           2|
    |add_ln700_68_fu_2761_p2      |     +    |      0|  0|  12|           3|           3|
    |add_ln700_69_fu_10135_p2     |     +    |      0|  0|  13|           4|           4|
    |add_ln700_6_fu_1772_p2       |     +    |      0|  0|   5|           2|           2|
    |add_ln700_70_fu_10145_p2     |     +    |      0|  0|  15|           5|           5|
    |add_ln700_71_fu_2767_p2      |     +    |      0|  0|   5|           2|           2|
    |add_ln700_72_fu_2773_p2      |     +    |      0|  0|   5|           2|           2|
    |add_ln700_73_fu_2783_p2      |     +    |      0|  0|   5|           2|           2|
    |add_ln700_74_fu_2789_p2      |     +    |      0|  0|   5|           2|           2|
    |add_ln700_75_fu_2799_p2      |     +    |      0|  0|  12|           3|           3|
    |add_ln700_76_fu_2805_p2      |     +    |      0|  0|   5|           2|           2|
    |add_ln700_77_fu_2811_p2      |     +    |      0|  0|   5|           2|           2|
    |add_ln700_78_fu_2821_p2      |     +    |      0|  0|   5|           2|           2|
    |add_ln700_79_fu_2827_p2      |     +    |      0|  0|   5|           2|           2|
    |add_ln700_7_fu_1782_p2       |     +    |      0|  0|   5|           2|           2|
    |add_ln700_80_fu_2837_p2      |     +    |      0|  0|  12|           3|           3|
    |add_ln700_81_fu_10161_p2     |     +    |      0|  0|  13|           4|           4|
    |add_ln700_82_fu_2843_p2      |     +    |      0|  0|   5|           2|           2|
    |add_ln700_83_fu_2849_p2      |     +    |      0|  0|   5|           2|           2|
    |add_ln700_84_fu_2859_p2      |     +    |      0|  0|   5|           2|           2|
    |add_ln700_85_fu_2865_p2      |     +    |      0|  0|   5|           2|           2|
    |add_ln700_86_fu_2875_p2      |     +    |      0|  0|  12|           3|           3|
    |add_ln700_87_fu_2881_p2      |     +    |      0|  0|   5|           2|           2|
    |add_ln700_88_fu_2887_p2      |     +    |      0|  0|   5|           2|           2|
    |add_ln700_89_fu_2893_p2      |     +    |      0|  0|  10|           2|           2|
    |add_ln700_8_fu_1788_p2       |     +    |      0|  0|   5|           2|           2|
    |add_ln700_90_fu_2899_p2      |     +    |      0|  0|  10|           2|           2|
    |add_ln700_91_fu_10183_p2     |     +    |      0|  0|   5|           3|           3|
    |add_ln700_92_fu_10189_p2     |     +    |      0|  0|   5|           3|           3|
    |add_ln700_93_fu_10199_p2     |     +    |      0|  0|  13|           4|           4|
    |add_ln700_94_fu_10209_p2     |     +    |      0|  0|  15|           5|           5|
    |add_ln700_96_fu_3502_p2      |     +    |      0|  0|   5|           2|           2|
    |add_ln700_97_fu_3508_p2      |     +    |      0|  0|   5|           2|           2|
    |add_ln700_98_fu_3518_p2      |     +    |      0|  0|   5|           2|           2|
    |add_ln700_99_fu_3524_p2      |     +    |      0|  0|   5|           2|           2|
    |add_ln700_9_fu_1798_p2       |     +    |      0|  0|  12|           3|           3|
    |add_ln700_fu_1728_p2         |     +    |      0|  0|   5|           2|           2|
    |distance_sum_fu_11804_p2     |     +    |      0|  0|  15|           8|           8|
    |i_1_fu_1111_p2               |     +    |      0|  0|  13|          11|           1|
    |i_2_fu_11681_p2              |     +    |      0|  0|  13|           4|           1|
    |i_fu_937_p2                  |     +    |      0|  0|  13|           4|           1|
    |j_fu_11719_p2                |     +    |      0|  0|  10|           2|           1|
    |k_fu_949_p2                  |     +    |      0|  0|  10|           2|           1|
    |knn_set_0_0_V_fu_10107_p2    |     +    |      0|  0|  15|           6|           6|
    |knn_set_1_0_V_fu_10219_p2    |     +    |      0|  0|  15|           6|           6|
    |knn_set_2_0_V_fu_10331_p2    |     +    |      0|  0|  15|           6|           6|
    |knn_set_3_0_V_fu_10443_p2    |     +    |      0|  0|  15|           6|           6|
    |knn_set_4_0_V_fu_10555_p2    |     +    |      0|  0|  15|           6|           6|
    |knn_set_5_0_V_fu_10667_p2    |     +    |      0|  0|  15|           6|           6|
    |knn_set_6_0_V_fu_10779_p2    |     +    |      0|  0|  15|           6|           6|
    |knn_set_7_0_V_fu_10891_p2    |     +    |      0|  0|  15|           6|           6|
    |knn_set_8_0_V_fu_11003_p2    |     +    |      0|  0|  15|           6|           6|
    |knn_set_9_0_V_fu_11115_p2    |     +    |      0|  0|  15|           6|           6|
    |tmp_1_fu_11734_p31           |     +    |      0|  0|  15|           5|           5|
    |sub_ln544_fu_11703_p2        |     -    |      0|  0|  15|           5|           5|
    |icmp_ln139_fu_11675_p2       |   icmp   |      0|  0|   9|           4|           4|
    |icmp_ln148_fu_11713_p2       |   icmp   |      0|  0|   8|           2|           2|
    |icmp_ln154_fu_11814_p2       |   icmp   |      0|  0|  18|          32|          32|
    |icmp_ln58_fu_931_p2          |   icmp   |      0|  0|   9|           4|           4|
    |icmp_ln59_fu_943_p2          |   icmp   |      0|  0|   8|           2|           2|
    |icmp_ln63_fu_1105_p2         |   icmp   |      0|  0|  13|          11|           9|
    |icmp_ln887_10_fu_11305_p2    |   icmp   |      0|  0|  11|           6|           6|
    |icmp_ln887_11_fu_11327_p2    |   icmp   |      0|  0|  11|           6|           6|
    |icmp_ln887_12_fu_11341_p2    |   icmp   |      0|  0|  11|           6|           6|
    |icmp_ln887_13_fu_11360_p2    |   icmp   |      0|  0|  11|           6|           6|
    |icmp_ln887_14_fu_11382_p2    |   icmp   |      0|  0|  11|           6|           6|
    |icmp_ln887_15_fu_11396_p2    |   icmp   |      0|  0|  11|           6|           6|
    |icmp_ln887_16_fu_11415_p2    |   icmp   |      0|  0|  11|           6|           6|
    |icmp_ln887_17_fu_11437_p2    |   icmp   |      0|  0|  11|           6|           6|
    |icmp_ln887_18_fu_11451_p2    |   icmp   |      0|  0|  11|           6|           6|
    |icmp_ln887_19_fu_11470_p2    |   icmp   |      0|  0|  11|           6|           6|
    |icmp_ln887_1_fu_11140_p2     |   icmp   |      0|  0|  11|           6|           6|
    |icmp_ln887_20_fu_11492_p2    |   icmp   |      0|  0|  11|           6|           6|
    |icmp_ln887_21_fu_11506_p2    |   icmp   |      0|  0|  11|           6|           6|
    |icmp_ln887_22_fu_11525_p2    |   icmp   |      0|  0|  11|           6|           6|
    |icmp_ln887_23_fu_11547_p2    |   icmp   |      0|  0|  11|           6|           6|
    |icmp_ln887_24_fu_11561_p2    |   icmp   |      0|  0|  11|           6|           6|
    |icmp_ln887_25_fu_11580_p2    |   icmp   |      0|  0|  11|           6|           6|
    |icmp_ln887_26_fu_11602_p2    |   icmp   |      0|  0|  11|           6|           6|
    |icmp_ln887_27_fu_11616_p2    |   icmp   |      0|  0|  11|           6|           6|
    |icmp_ln887_28_fu_11635_p2    |   icmp   |      0|  0|  11|           6|           6|
    |icmp_ln887_29_fu_11657_p2    |   icmp   |      0|  0|  11|           6|           6|
    |icmp_ln887_2_fu_11162_p2     |   icmp   |      0|  0|  11|           6|           6|
    |icmp_ln887_3_fu_11176_p2     |   icmp   |      0|  0|  11|           6|           6|
    |icmp_ln887_4_fu_11195_p2     |   icmp   |      0|  0|  11|           6|           6|
    |icmp_ln887_5_fu_11217_p2     |   icmp   |      0|  0|  11|           6|           6|
    |icmp_ln887_6_fu_11231_p2     |   icmp   |      0|  0|  11|           6|           6|
    |icmp_ln887_7_fu_11250_p2     |   icmp   |      0|  0|  11|           6|           6|
    |icmp_ln887_8_fu_11272_p2     |   icmp   |      0|  0|  11|           6|           6|
    |icmp_ln887_9_fu_11286_p2     |   icmp   |      0|  0|  11|           6|           6|
    |icmp_ln887_fu_11121_p2       |   icmp   |      0|  0|  11|           6|           6|
    |knn_set_0_0_V_1_fu_11126_p3  |  select  |      0|  0|   6|           1|           6|
    |knn_set_0_0_V_4_fu_11133_p3  |  select  |      0|  0|   6|           1|           6|
    |knn_set_0_1_V_2_fu_11146_p3  |  select  |      0|  0|   6|           1|           6|
    |knn_set_0_1_V_fu_11154_p3    |  select  |      0|  0|   6|           1|           6|
    |knn_set_0_2_V_1_fu_11168_p3  |  select  |      0|  0|   6|           1|           6|
    |knn_set_1_0_V_1_fu_11181_p3  |  select  |      0|  0|   6|           1|           6|
    |knn_set_1_0_V_4_fu_11188_p3  |  select  |      0|  0|   6|           1|           6|
    |knn_set_1_1_V_2_fu_11201_p3  |  select  |      0|  0|   6|           1|           6|
    |knn_set_1_1_V_fu_11209_p3    |  select  |      0|  0|   6|           1|           6|
    |knn_set_1_2_V_1_fu_11223_p3  |  select  |      0|  0|   6|           1|           6|
    |knn_set_2_0_V_1_fu_11236_p3  |  select  |      0|  0|   6|           1|           6|
    |knn_set_2_0_V_4_fu_11243_p3  |  select  |      0|  0|   6|           1|           6|
    |knn_set_2_1_V_2_fu_11256_p3  |  select  |      0|  0|   6|           1|           6|
    |knn_set_2_1_V_fu_11264_p3    |  select  |      0|  0|   6|           1|           6|
    |knn_set_2_2_V_1_fu_11278_p3  |  select  |      0|  0|   6|           1|           6|
    |knn_set_3_0_V_1_fu_11291_p3  |  select  |      0|  0|   6|           1|           6|
    |knn_set_3_0_V_4_fu_11298_p3  |  select  |      0|  0|   6|           1|           6|
    |knn_set_3_1_V_2_fu_11311_p3  |  select  |      0|  0|   6|           1|           6|
    |knn_set_3_1_V_fu_11319_p3    |  select  |      0|  0|   6|           1|           6|
    |knn_set_3_2_V_1_fu_11333_p3  |  select  |      0|  0|   6|           1|           6|
    |knn_set_4_0_V_1_fu_11346_p3  |  select  |      0|  0|   6|           1|           6|
    |knn_set_4_0_V_4_fu_11353_p3  |  select  |      0|  0|   6|           1|           6|
    |knn_set_4_1_V_2_fu_11366_p3  |  select  |      0|  0|   6|           1|           6|
    |knn_set_4_1_V_fu_11374_p3    |  select  |      0|  0|   6|           1|           6|
    |knn_set_4_2_V_1_fu_11388_p3  |  select  |      0|  0|   6|           1|           6|
    |knn_set_5_0_V_1_fu_11401_p3  |  select  |      0|  0|   6|           1|           6|
    |knn_set_5_0_V_4_fu_11408_p3  |  select  |      0|  0|   6|           1|           6|
    |knn_set_5_1_V_2_fu_11421_p3  |  select  |      0|  0|   6|           1|           6|
    |knn_set_5_1_V_fu_11429_p3    |  select  |      0|  0|   6|           1|           6|
    |knn_set_5_2_V_1_fu_11443_p3  |  select  |      0|  0|   6|           1|           6|
    |knn_set_6_0_V_1_fu_11456_p3  |  select  |      0|  0|   6|           1|           6|
    |knn_set_6_0_V_4_fu_11463_p3  |  select  |      0|  0|   6|           1|           6|
    |knn_set_6_1_V_2_fu_11476_p3  |  select  |      0|  0|   6|           1|           6|
    |knn_set_6_1_V_fu_11484_p3    |  select  |      0|  0|   6|           1|           6|
    |knn_set_6_2_V_1_fu_11498_p3  |  select  |      0|  0|   6|           1|           6|
    |knn_set_7_0_V_1_fu_11511_p3  |  select  |      0|  0|   6|           1|           6|
    |knn_set_7_0_V_4_fu_11518_p3  |  select  |      0|  0|   6|           1|           6|
    |knn_set_7_1_V_2_fu_11531_p3  |  select  |      0|  0|   6|           1|           6|
    |knn_set_7_1_V_fu_11539_p3    |  select  |      0|  0|   6|           1|           6|
    |knn_set_7_2_V_1_fu_11553_p3  |  select  |      0|  0|   6|           1|           6|
    |knn_set_8_0_V_1_fu_11566_p3  |  select  |      0|  0|   6|           1|           6|
    |knn_set_8_0_V_4_fu_11573_p3  |  select  |      0|  0|   6|           1|           6|
    |knn_set_8_1_V_2_fu_11586_p3  |  select  |      0|  0|   6|           1|           6|
    |knn_set_8_1_V_fu_11594_p3    |  select  |      0|  0|   6|           1|           6|
    |knn_set_8_2_V_1_fu_11608_p3  |  select  |      0|  0|   6|           1|           6|
    |knn_set_9_0_V_1_fu_11621_p3  |  select  |      0|  0|   6|           1|           6|
    |knn_set_9_0_V_4_fu_11628_p3  |  select  |      0|  0|   6|           1|           6|
    |knn_set_9_1_V_2_fu_11641_p3  |  select  |      0|  0|   6|           1|           6|
    |knn_set_9_1_V_fu_11649_p3    |  select  |      0|  0|   6|           1|           6|
    |knn_set_9_2_V_1_fu_11663_p3  |  select  |      0|  0|   6|           1|           6|
    |select_ln154_1_fu_11827_p3   |  select  |      0|  0|  32|           1|          32|
    |select_ln154_fu_11820_p3     |  select  |      0|  0|  32|           1|          32|
    |ap_enable_pp0                |    xor   |      0|  0|   2|           1|           2|
    |ap_enable_reg_pp0_iter1      |    xor   |      0|  0|   2|           2|           1|
    |xor_ln1357_1_fu_2022_p2      |    xor   |      0|  0|  49|          49|          49|
    |xor_ln1357_2_fu_2909_p2      |    xor   |      0|  0|  49|          49|          49|
    |xor_ln1357_3_fu_3796_p2      |    xor   |      0|  0|  49|          49|          49|
    |xor_ln1357_4_fu_4683_p2      |    xor   |      0|  0|  49|          49|          49|
    |xor_ln1357_5_fu_5570_p2      |    xor   |      0|  0|  49|          49|          49|
    |xor_ln1357_6_fu_6457_p2      |    xor   |      0|  0|  49|          49|          49|
    |xor_ln1357_7_fu_7344_p2      |    xor   |      0|  0|  49|          49|          49|
    |xor_ln1357_8_fu_8231_p2      |    xor   |      0|  0|  49|          49|          49|
    |xor_ln1357_9_fu_9118_p2      |    xor   |      0|  0|  49|          49|          49|
    |xor_ln1357_fu_1135_p2        |    xor   |      0|  0|  49|          49|          49|
    +-----------------------------+----------+-------+---+----+------------+------------+
    |Total                        |          |      0|  0|4967|        2051|        2343|
    +-----------------------------+----------+-------+---+----+------------+------------+

    * Multiplexer: 
    +-------------------------+----+-----------+-----+-----------+
    |           Name          | LUT| Input Size| Bits| Total Bits|
    +-------------------------+----+-----------+-----+-----------+
    |ap_NS_fsm                |  44|          9|    1|          9|
    |ap_enable_reg_pp0_iter1  |   9|          2|    1|          2|
    |ap_enable_reg_pp0_iter3  |   9|          2|    1|          2|
    |ap_return                |   9|          2|    4|          8|
    |i4_0_reg_773             |   9|          2|   11|         22|
    |i_0_reg_450              |   9|          2|    4|          8|
    |j_0_i_reg_830            |   9|          2|    2|          4|
    |k_0_reg_462              |   9|          2|    2|          4|
    |knn_set_0_0_V_3_reg_763  |   9|          2|    6|         12|
    |knn_set_0_1_V_3_reg_753  |   9|          2|    6|         12|
    |knn_set_0_2_V_3_reg_743  |   9|          2|    6|         12|
    |knn_set_1_0_V_3_reg_733  |   9|          2|    6|         12|
    |knn_set_1_1_V_3_reg_723  |   9|          2|    6|         12|
    |knn_set_1_2_V_3_reg_713  |   9|          2|    6|         12|
    |knn_set_2_0_V_3_reg_703  |   9|          2|    6|         12|
    |knn_set_2_1_V_3_reg_693  |   9|          2|    6|         12|
    |knn_set_2_2_V_3_reg_683  |   9|          2|    6|         12|
    |knn_set_3_0_V_3_reg_673  |   9|          2|    6|         12|
    |knn_set_3_1_V_3_reg_663  |   9|          2|    6|         12|
    |knn_set_3_2_V_3_reg_653  |   9|          2|    6|         12|
    |knn_set_4_0_V_3_reg_643  |   9|          2|    6|         12|
    |knn_set_4_1_V_3_reg_633  |   9|          2|    6|         12|
    |knn_set_4_2_V_3_reg_623  |   9|          2|    6|         12|
    |knn_set_5_0_V_3_reg_613  |   9|          2|    6|         12|
    |knn_set_5_1_V_3_reg_603  |   9|          2|    6|         12|
    |knn_set_5_2_V_3_reg_593  |   9|          2|    6|         12|
    |knn_set_6_0_V_3_reg_583  |   9|          2|    6|         12|
    |knn_set_6_1_V_3_reg_573  |   9|          2|    6|         12|
    |knn_set_6_2_V_3_reg_563  |   9|          2|    6|         12|
    |knn_set_7_0_V_3_reg_553  |   9|          2|    6|         12|
    |knn_set_7_1_V_3_reg_543  |   9|          2|    6|         12|
    |knn_set_7_2_V_3_reg_533  |   9|          2|    6|         12|
    |knn_set_8_0_V_3_reg_523  |   9|          2|    6|         12|
    |knn_set_8_1_V_3_reg_513  |   9|          2|    6|         12|
    |knn_set_8_2_V_3_reg_503  |   9|          2|    6|         12|
    |knn_set_9_0_V_3_reg_493  |   9|          2|    6|         12|
    |knn_set_9_1_V_3_reg_483  |   9|          2|    6|         12|
    |knn_set_9_2_V_3_reg_473  |   9|          2|    6|         12|
    |min_sum_0_i_reg_796      |   9|          2|   32|         64|
    |min_sum_reg_819          |   9|          2|    8|         16|
    |result_reg_808           |   9|          2|    4|          8|
    |val_assign_reg_784       |   9|          2|   32|         64|
    +-------------------------+----+-----------+-----+-----------+
    |Total                    | 413|         91|  282|        571|
    +-------------------------+----+-----------+-----+-----------+

    * Register: 
    +-------------------------+----+----+-----+-----------+
    |           Name          | FF | LUT| Bits| Const Bits|
    +-------------------------+----+----+-----+-----------+
    |add_ln700_100_reg_12355  |   3|   0|    3|          0|
    |add_ln700_105_reg_12360  |   3|   0|    3|          0|
    |add_ln700_111_reg_12365  |   3|   0|    3|          0|
    |add_ln700_116_reg_12370  |   3|   0|    3|          0|
    |add_ln700_123_reg_12375  |   3|   0|    3|          0|
    |add_ln700_128_reg_12380  |   3|   0|    3|          0|
    |add_ln700_134_reg_12385  |   3|   0|    3|          0|
    |add_ln700_136_reg_12390  |   2|   0|    2|          0|
    |add_ln700_137_reg_12395  |   2|   0|    2|          0|
    |add_ln700_138_reg_12400  |   2|   0|    2|          0|
    |add_ln700_148_reg_12405  |   3|   0|    3|          0|
    |add_ln700_153_reg_12410  |   3|   0|    3|          0|
    |add_ln700_159_reg_12415  |   3|   0|    3|          0|
    |add_ln700_15_reg_12265   |   3|   0|    3|          0|
    |add_ln700_164_reg_12420  |   3|   0|    3|          0|
    |add_ln700_171_reg_12425  |   3|   0|    3|          0|
    |add_ln700_176_reg_12430  |   3|   0|    3|          0|
    |add_ln700_182_reg_12435  |   3|   0|    3|          0|
    |add_ln700_184_reg_12440  |   2|   0|    2|          0|
    |add_ln700_185_reg_12445  |   2|   0|    2|          0|
    |add_ln700_186_reg_12450  |   2|   0|    2|          0|
    |add_ln700_196_reg_12455  |   3|   0|    3|          0|
    |add_ln700_201_reg_12460  |   3|   0|    3|          0|
    |add_ln700_207_reg_12465  |   3|   0|    3|          0|
    |add_ln700_20_reg_12270   |   3|   0|    3|          0|
    |add_ln700_212_reg_12470  |   3|   0|    3|          0|
    |add_ln700_219_reg_12475  |   3|   0|    3|          0|
    |add_ln700_224_reg_12480  |   3|   0|    3|          0|
    |add_ln700_230_reg_12485  |   3|   0|    3|          0|
    |add_ln700_232_reg_12490  |   2|   0|    2|          0|
    |add_ln700_233_reg_12495  |   2|   0|    2|          0|
    |add_ln700_234_reg_12500  |   2|   0|    2|          0|
    |add_ln700_244_reg_12505  |   3|   0|    3|          0|
    |add_ln700_249_reg_12510  |   3|   0|    3|          0|
    |add_ln700_255_reg_12515  |   3|   0|    3|          0|
    |add_ln700_260_reg_12520  |   3|   0|    3|          0|
    |add_ln700_267_reg_12525  |   3|   0|    3|          0|
    |add_ln700_272_reg_12530  |   3|   0|    3|          0|
    |add_ln700_278_reg_12535  |   3|   0|    3|          0|
    |add_ln700_27_reg_12275   |   3|   0|    3|          0|
    |add_ln700_280_reg_12540  |   2|   0|    2|          0|
    |add_ln700_281_reg_12545  |   2|   0|    2|          0|
    |add_ln700_282_reg_12550  |   2|   0|    2|          0|
    |add_ln700_292_reg_12555  |   3|   0|    3|          0|
    |add_ln700_297_reg_12560  |   3|   0|    3|          0|
    |add_ln700_303_reg_12565  |   3|   0|    3|          0|
    |add_ln700_308_reg_12570  |   3|   0|    3|          0|
    |add_ln700_315_reg_12575  |   3|   0|    3|          0|
    |add_ln700_320_reg_12580  |   3|   0|    3|          0|
    |add_ln700_326_reg_12585  |   3|   0|    3|          0|
    |add_ln700_328_reg_12590  |   2|   0|    2|          0|
    |add_ln700_329_reg_12595  |   2|   0|    2|          0|
    |add_ln700_32_reg_12280   |   3|   0|    3|          0|
    |add_ln700_330_reg_12600  |   2|   0|    2|          0|
    |add_ln700_340_reg_12605  |   3|   0|    3|          0|
    |add_ln700_345_reg_12610  |   3|   0|    3|          0|
    |add_ln700_351_reg_12615  |   3|   0|    3|          0|
    |add_ln700_356_reg_12620  |   3|   0|    3|          0|
    |add_ln700_363_reg_12625  |   3|   0|    3|          0|
    |add_ln700_368_reg_12630  |   3|   0|    3|          0|
    |add_ln700_374_reg_12635  |   3|   0|    3|          0|
    |add_ln700_376_reg_12640  |   2|   0|    2|          0|
    |add_ln700_377_reg_12645  |   2|   0|    2|          0|
    |add_ln700_378_reg_12650  |   2|   0|    2|          0|
    |add_ln700_388_reg_12655  |   3|   0|    3|          0|
    |add_ln700_38_reg_12285   |   3|   0|    3|          0|
    |add_ln700_393_reg_12660  |   3|   0|    3|          0|
    |add_ln700_399_reg_12665  |   3|   0|    3|          0|
    |add_ln700_404_reg_12670  |   3|   0|    3|          0|
    |add_ln700_40_reg_12290   |   2|   0|    2|          0|
    |add_ln700_411_reg_12675  |   3|   0|    3|          0|
    |add_ln700_416_reg_12680  |   3|   0|    3|          0|
    |add_ln700_41_reg_12295   |   2|   0|    2|          0|
    |add_ln700_422_reg_12685  |   3|   0|    3|          0|
    |add_ln700_424_reg_12690  |   2|   0|    2|          0|
    |add_ln700_425_reg_12695  |   2|   0|    2|          0|
    |add_ln700_426_reg_12700  |   2|   0|    2|          0|
    |add_ln700_42_reg_12300   |   2|   0|    2|          0|
    |add_ln700_436_reg_12705  |   3|   0|    3|          0|
    |add_ln700_441_reg_12710  |   3|   0|    3|          0|
    |add_ln700_447_reg_12715  |   3|   0|    3|          0|
    |add_ln700_452_reg_12720  |   3|   0|    3|          0|
    |add_ln700_459_reg_12725  |   3|   0|    3|          0|
    |add_ln700_464_reg_12730  |   3|   0|    3|          0|
    |add_ln700_470_reg_12735  |   3|   0|    3|          0|
    |add_ln700_472_reg_12740  |   2|   0|    2|          0|
    |add_ln700_473_reg_12745  |   2|   0|    2|          0|
    |add_ln700_474_reg_12750  |   2|   0|    2|          0|
    |add_ln700_4_reg_12255    |   3|   0|    3|          0|
    |add_ln700_52_reg_12305   |   3|   0|    3|          0|
    |add_ln700_57_reg_12310   |   3|   0|    3|          0|
    |add_ln700_63_reg_12315   |   3|   0|    3|          0|
    |add_ln700_68_reg_12320   |   3|   0|    3|          0|
    |add_ln700_75_reg_12325   |   3|   0|    3|          0|
    |add_ln700_80_reg_12330   |   3|   0|    3|          0|
    |add_ln700_86_reg_12335   |   3|   0|    3|          0|
    |add_ln700_88_reg_12340   |   2|   0|    2|          0|
    |add_ln700_89_reg_12345   |   2|   0|    2|          0|
    |add_ln700_90_reg_12350   |   2|   0|    2|          0|
    |add_ln700_9_reg_12260    |   3|   0|    3|          0|
    |ap_CS_fsm                |   8|   0|    8|          0|
    |ap_enable_reg_pp0_iter0  |   1|   0|    1|          0|
    |ap_enable_reg_pp0_iter1  |   1|   0|    1|          0|
    |ap_enable_reg_pp0_iter2  |   1|   0|    1|          0|
    |ap_enable_reg_pp0_iter3  |   1|   0|    1|          0|
    |ap_return_preg           |   4|   0|    4|          0|
    |i4_0_reg_773             |  11|   0|   11|          0|
    |i_0_reg_450              |   4|   0|    4|          0|
    |i_2_reg_12983            |   4|   0|    4|          0|
    |i_reg_12183              |   4|   0|    4|          0|
    |icmp_ln63_reg_12196      |   1|   0|    1|          0|
    |j_0_i_reg_830            |   2|   0|    2|          0|
    |k_0_reg_462              |   2|   0|    2|          0|
    |k_reg_12191              |   2|   0|    2|          0|
    |knn_set_0_0_V_3_reg_763  |   6|   0|    6|          0|
    |knn_set_0_0_V_reg_12755  |   6|   0|    6|          0|
    |knn_set_0_1_V_3_reg_753  |   6|   0|    6|          0|
    |knn_set_0_2_V_3_reg_743  |   6|   0|    6|          0|
    |knn_set_1_0_V_3_reg_733  |   6|   0|    6|          0|
    |knn_set_1_0_V_reg_12762  |   6|   0|    6|          0|
    |knn_set_1_1_V_3_reg_723  |   6|   0|    6|          0|
    |knn_set_1_2_V_3_reg_713  |   6|   0|    6|          0|
    |knn_set_2_0_V_3_reg_703  |   6|   0|    6|          0|
    |knn_set_2_0_V_reg_12769  |   6|   0|    6|          0|
    |knn_set_2_1_V_3_reg_693  |   6|   0|    6|          0|
    |knn_set_2_2_V_3_reg_683  |   6|   0|    6|          0|
    |knn_set_3_0_V_3_reg_673  |   6|   0|    6|          0|
    |knn_set_3_0_V_reg_12776  |   6|   0|    6|          0|
    |knn_set_3_1_V_3_reg_663  |   6|   0|    6|          0|
    |knn_set_3_2_V_3_reg_653  |   6|   0|    6|          0|
    |knn_set_4_0_V_3_reg_643  |   6|   0|    6|          0|
    |knn_set_4_0_V_reg_12783  |   6|   0|    6|          0|
    |knn_set_4_1_V_3_reg_633  |   6|   0|    6|          0|
    |knn_set_4_2_V_3_reg_623  |   6|   0|    6|          0|
    |knn_set_5_0_V_3_reg_613  |   6|   0|    6|          0|
    |knn_set_5_0_V_reg_12790  |   6|   0|    6|          0|
    |knn_set_5_1_V_3_reg_603  |   6|   0|    6|          0|
    |knn_set_5_2_V_3_reg_593  |   6|   0|    6|          0|
    |knn_set_6_0_V_3_reg_583  |   6|   0|    6|          0|
    |knn_set_6_0_V_reg_12797  |   6|   0|    6|          0|
    |knn_set_6_1_V_3_reg_573  |   6|   0|    6|          0|
    |knn_set_6_2_V_3_reg_563  |   6|   0|    6|          0|
    |knn_set_7_0_V_3_reg_553  |   6|   0|    6|          0|
    |knn_set_7_0_V_reg_12804  |   6|   0|    6|          0|
    |knn_set_7_1_V_3_reg_543  |   6|   0|    6|          0|
    |knn_set_7_2_V_3_reg_533  |   6|   0|    6|          0|
    |knn_set_8_0_V_3_reg_523  |   6|   0|    6|          0|
    |knn_set_8_0_V_reg_12811  |   6|   0|    6|          0|
    |knn_set_8_1_V_3_reg_513  |   6|   0|    6|          0|
    |knn_set_8_2_V_3_reg_503  |   6|   0|    6|          0|
    |knn_set_9_0_V_3_reg_493  |   6|   0|    6|          0|
    |knn_set_9_0_V_reg_12818  |   6|   0|    6|          0|
    |knn_set_9_1_V_3_reg_483  |   6|   0|    6|          0|
    |knn_set_9_2_V_3_reg_473  |   6|   0|    6|          0|
    |min_sum_0_i_reg_796      |  32|   0|   32|          0|
    |min_sum_reg_819          |   8|   0|    8|          0|
    |result_reg_808           |   4|   0|    4|          0|
    |sub_ln544_reg_12988      |   5|   0|    5|          0|
    |val_assign_reg_784       |  32|   0|   32|          0|
    |zext_ln156_reg_12975     |   4|   0|   32|         28|
    |icmp_ln63_reg_12196      |  64|  32|    1|          0|
    +-------------------------+----+----+-----+-----------+
    |Total                    | 705|  32|  670|         28|
    +-------------------------+----+----+-----+-----------+



================================================================
== Interface
================================================================
* Summary: 
+-----------+-----+-----+------------+--------------+--------------+
| RTL Ports | Dir | Bits|  Protocol  | Source Object|    C Type    |
+-----------+-----+-----+------------+--------------+--------------+
|ap_clk     |  in |    1| ap_ctrl_hs |   digitrec   | return value |
|ap_rst     |  in |    1| ap_ctrl_hs |   digitrec   | return value |
|ap_start   |  in |    1| ap_ctrl_hs |   digitrec   | return value |
|ap_done    | out |    1| ap_ctrl_hs |   digitrec   | return value |
|ap_idle    | out |    1| ap_ctrl_hs |   digitrec   | return value |
|ap_ready   | out |    1| ap_ctrl_hs |   digitrec   | return value |
|ap_return  | out |    4| ap_ctrl_hs |   digitrec   | return value |
|input_V    |  in |   49|   ap_none  |    input_V   |    scalar    |
+-----------+-----+-----+------------+--------------+--------------+

